// Jest Snapshot v1, https://goo.gl/fbAQLP

exports[`BadgeRound component tests Should match shapshot 1`] = `
<DocumentFragment>
  <div
    class="badge-round red"
    style="background-color: red;"
  />
</DocumentFragment>
`;
