// Jest Snapshot v1, https://goo.gl/fbAQLP

exports[`Badge component tests Should match shapshot 1`] = `
<DocumentFragment>
  <div
    class="badge  "
  >
    Test
  </div>
</DocumentFragment>
`;
