// Jest Snapshot v1, https://goo.gl/fbAQLP

exports[`Legend tests Should match snapshot 1`] = `
<DocumentFragment>
  <div
    class="legend"
  >
    <div
      class="legend-badge"
    />
    <div
      class="legend-name"
    >
      Test
    </div>
  </div>
</DocumentFragment>
`;
