// Jest Snapshot v1, https://goo.gl/fbAQLP

exports[`Logo tests Should match snapshot 1`] = `
<DocumentFragment>
  <a
    class="logo"
    href="/"
  >
    <span
      class="icon-logo"
    />
  </a>
</DocumentFragment>
`;
