// Jest Snapshot v1, https://goo.gl/fbAQLP

exports[`NotificationIcon tests Should match snapshot 1`] = `
<DocumentFragment>
  <div
    class="notification-icon"
  />
</DocumentFragment>
`;
