// Jest Snapshot v1, https://goo.gl/fbAQLP

exports[`TicketsPage tests Should match snapshot 1`] = `
<DocumentFragment>
  <div
    class="content"
    id="tickets"
  >
    <div
      class="box page-controls"
    >
      <div
        class="page-controls-content flex-end"
      >
        <div
          class="page-controls-item"
        >
          <div
            class="mr-15"
          >
            <div
              class="form-group"
            >
              <label
                class="form-label search-label"
                for="exampleFormControlInput1"
              >
                What are you looking for?
              </label>
              <div
                class="search-group"
              >
                <div
                  class="search-icon"
                >
                  <span
                    class="icon-loupe"
                  />
                </div>
                <input
                  class="form-control search-input"
                  id="exampleFormControlInput1"
                  placeholder="Search"
                  type="email"
                  value=""
                />
                <button
                  class="search-btn"
                  type="button"
                >
                  <span
                    class="icon-cross"
                  />
                </button>
              </div>
            </div>
          </div>
          <div
            class="mr-15"
          >
            <button
              class="btn-xs-primary"
              type="button"
            >
              <span
                class="icon-filter-blue"
              />
            </button>
          </div>
        </div>
      </div>
      <div
        class="page-filter"
      >
        <div
          class="page-filter-inner"
        />
        <div
          class="page-filter-btn"
        >
          <button
            class="btn btn-xs-secondary mr-15"
            type="button"
          >
            <span
              class="btn-icon icon-close"
            />
            <span
              class="btn-text"
            />
          </button>
          <button
            class="btn btn-lg-outline"
            type="button"
          >
            <span
              class="btn-icon "
            />
            <span
              class="btn-text"
            >
              Apply
            </span>
          </button>
        </div>
      </div>
    </div>
    <div
      class="box-wrap tickets-content"
    >
      <div
        class="box-col open"
      >
        <div
          class="box-col-header"
        >
          <div
            class="heading"
          >
            <div
              class="heading-info"
            >
              <div
                class="badge-round sky-blue"
              />
              <span
                class="heading-title"
              >
                Open
              </span>
              <span
                class="heading-data"
              >
                (0) 
              </span>
            </div>
          </div>
        </div>
        <div
          class="box-col-content"
        />
      </div>
      <div
        class="box-col progress"
      >
        <div
          class="box-col-header"
        >
          <div
            class="heading"
          >
            <div
              class="heading-info"
            >
              <div
                class="badge-round yellow-dark"
              />
              <span
                class="heading-title"
              >
                In Progress
              </span>
              <span
                class="heading-data"
              >
                (0) 
              </span>
            </div>
          </div>
        </div>
        <div
          class="box-col-content"
        />
      </div>
      <div
        class="box-col closed"
      >
        <div
          class="box-col-header"
        >
          <div
            class="heading"
          >
            <div
              class="heading-info"
            >
              <div
                class="badge-round green"
                style="background-color: green;"
              />
              <span
                class="heading-title"
              >
                Close
              </span>
              <span
                class="heading-data"
              >
                (0) 
              </span>
            </div>
          </div>
        </div>
        <div
          class="box-col-content"
        />
      </div>
      <div
        class="box-col deleted"
      >
        <div
          class="box-col-header"
        >
          <div
            class="heading"
          >
            <div
              class="heading-info"
            >
              <div
                class="badge-round red-light"
              />
              <span
                class="heading-title"
              >
                Deleted
              </span>
              <span
                class="heading-data"
              >
                (0) 
              </span>
            </div>
          </div>
        </div>
        <div
          class="box-col-content"
        />
      </div>
    </div>
  </div>
</DocumentFragment>
`;
