// Jest Snapshot v1, https://goo.gl/fbAQLP

exports[`AssignTicketModalContent tests Should match snapshot 1`] = `
<DocumentFragment>
  <div
    class="modal-info"
  >
    <div
      class="form-group"
    >
      <label
        class="form-label"
        for="exampleFormControlInput1"
      >
        Assign to
      </label>
      <div
        class="select-component css-2b097c-container"
      >
        <span
          aria-atomic="false"
          aria-live="polite"
          aria-relevant="additions text"
          class="css-1f43avz-a11yText-A11yText"
        />
        <div
          class="react-select__control css-1pgkwyd-control"
        >
          <div
            class="react-select__value-container react-select__value-container--has-value css-g1d714-ValueContainer"
          >
            <div
              class="react-select__single-value css-1uccc91-singleValue"
            >
              User 1
            </div>
            <div
              class="css-b8ldur-Input"
            >
              <div
                class="react-select__input"
                style="display: inline-block;"
              >
                <input
                  aria-autocomplete="list"
                  autocapitalize="none"
                  autocomplete="off"
                  autocorrect="off"
                  id="react-select-3-input"
                  spellcheck="false"
                  style="box-sizing: content-box; width: 2px; border: 0px; opacity: 1; outline: 0; padding: 0px;"
                  tabindex="0"
                  type="text"
                  value=""
                />
                <div
                  style="position: absolute; top: 0px; left: 0px; visibility: hidden; height: 0px; overflow: scroll; white-space: pre; font-family: -webkit-small-control; letter-spacing: normal; text-transform: none;"
                />
              </div>
            </div>
          </div>
          <div
            class="react-select__indicators css-1hb7zxy-IndicatorsContainer"
          >
            <div
              aria-hidden="true"
              class="react-select__indicator react-select__dropdown-indicator css-tlfecz-indicatorContainer"
            >
              <div
                class="form-arrow icon-arrow-border-down"
              />
            </div>
          </div>
        </div>
        <input
          name="user"
          type="hidden"
          value="1"
        />
      </div>
    </div>
    <div
      class="form-group"
    >
      <label
        class="form-label"
        for="textarea"
      />
      <textarea
        class="form-control textarea"
        id="textarea"
        name="message"
        placeholder="Add a message (optional)"
        rows="10"
      >
        Test
      </textarea>
    </div>
  </div>
</DocumentFragment>
`;
