// Jest Snapshot v1, https://goo.gl/fbAQLP

exports[`Btn tests Should match snapshot 1`] = `
<DocumentFragment>
  <button
    class="btn"
    type="button"
  >
    <span
      class="btn-icon "
    />
    <span
      class="btn-text"
    >
      Test
    </span>
  </button>
</DocumentFragment>
`;
