// Jest Snapshot v1, https://goo.gl/fbAQLP

exports[`Link tests Should match snapshot 1`] = `
<DocumentFragment>
  <a
    class="link"
    href="#"
  >
    <span
      class=" mr-7"
    />
    Test
  </a>
</DocumentFragment>
`;
