// Jest Snapshot v1, https://goo.gl/fbAQLP

exports[`NotificationsContent tests Should match snapshot 1`] = `
<DocumentFragment>
  <div
    class="box-table notifications-content"
  >
    <table
      class="table"
    >
      <tbody
        class="table-body"
      >
        <tr
          class="table-row notification-message active"
        >
          <td
            class="table-col "
          >
            <div
              class="notification-icon"
            />
          </td>
          <td
            class="table-col"
          >
            The implementation period of 
            <span
              class="text-bold"
            >
              Organization\`s employees security practices
            </span>
             control for Threat 1234 has expired at | 
            <span
              class="text-grey"
            >
              Brand Model Platform Element Name
            </span>
          </td>
          <td
            class="table-col"
          >
            <div
              class="date"
            >
              <div
                class="date-item"
              >
                <div
                  class="date-icon"
                >
                  <span
                    class="icon-calendar"
                  />
                </div>
                <span
                  class="date-data"
                >
                  01/01/2021
                </span>
              </div>
              <div
                class="date-item"
              >
                <div
                  class="date-icon"
                >
                  <span
                    class="icon-time"
                  />
                </div>
                <span
                  class="date-data"
                >
                  12:00 AM
                </span>
              </div>
            </div>
          </td>
          <td
            class="table-col"
          >
            <div
              class="btn-group"
            >
              <button
                class="btn btn-xs-primary mr-15"
                type="button"
              >
                <span
                  class="btn-icon icon-architecture-blue"
                />
                <span
                  class="btn-text"
                />
              </button>
              <button
                class="btn-xs-danger"
                type="button"
              >
                <span
                  class="icon-delete"
                />
              </button>
            </div>
          </td>
        </tr>
        <tr
          class="table-row notification-assigned active"
        >
          <td
            class="table-col "
          >
            <div
              class="notification-icon"
            />
          </td>
          <td
            class="table-col"
          >
            The implementation period of Organization\`s employees security practices control for Threat 1234 has expired at | Brand Model Platform Element Name
          </td>
          <td
            class="table-col"
          >
            <div
              class="date"
            >
              <div
                class="date-item"
              >
                <div
                  class="date-icon"
                >
                  <span
                    class="icon-calendar"
                  />
                </div>
                <span
                  class="date-data"
                >
                  01/01/2021
                </span>
              </div>
              <div
                class="date-item"
              >
                <div
                  class="date-icon"
                >
                  <span
                    class="icon-time"
                  />
                </div>
                <span
                  class="date-data"
                >
                  12:00 AM
                </span>
              </div>
            </div>
          </td>
          <td
            class="table-col"
          >
            <div
              class="btn-group"
            >
              <button
                class="btn btn-xs-primary mr-15"
                type="button"
              >
                <span
                  class="btn-icon icon-architecture-blue"
                />
                <span
                  class="btn-text"
                />
              </button>
              <button
                class="btn btn-xs-danger"
                type="button"
              >
                <span
                  class="btn-icon icon-delete"
                />
                <span
                  class="btn-text"
                />
              </button>
            </div>
          </td>
        </tr>
        <tr
          class="table-row notification-risk active"
        >
          <td
            class="table-col "
          >
            <div
              class="notification-icon"
            />
          </td>
          <td
            class="table-col"
          >
            The implementation period of Organization\`s employees security practices control for Threat 1234 has expired at | Brand Model Platform Element Name
          </td>
          <td
            class="table-col"
          >
            <div
              class="date"
            >
              <div
                class="date-item"
              >
                <div
                  class="date-icon"
                >
                  <span
                    class="icon-calendar"
                  />
                </div>
                <span
                  class="date-data"
                >
                  01/01/2021
                </span>
              </div>
              <div
                class="date-item"
              >
                <div
                  class="date-icon"
                >
                  <span
                    class="icon-time"
                  />
                </div>
                <span
                  class="date-data"
                >
                  12:00 AM
                </span>
              </div>
            </div>
          </td>
          <td
            class="table-col"
          >
            <div
              class="btn-group"
            >
              <button
                class="btn btn-xs-primary mr-15"
                type="button"
              >
                <span
                  class="btn-icon icon-architecture-blue"
                />
                <span
                  class="btn-text"
                />
              </button>
              <button
                class="btn btn-xs-danger"
                type="button"
              >
                <span
                  class="btn-icon icon-delete"
                />
                <span
                  class="btn-text"
                />
              </button>
            </div>
          </td>
        </tr>
        <tr
          class="table-row notification-warning active"
        >
          <td
            class="table-col "
          >
            <div
              class="notification-icon"
            />
          </td>
          <td
            class="table-col"
          >
            The implementation period of Organization\`s employees security practices control for Threat 1234 has expired at | Brand Model Platform Element Name
          </td>
          <td
            class="table-col"
          >
            <div
              class="date"
            >
              <div
                class="date-item"
              >
                <div
                  class="date-icon"
                >
                  <span
                    class="icon-calendar"
                  />
                </div>
                <span
                  class="date-data"
                >
                  01/01/2021
                </span>
              </div>
              <div
                class="date-item"
              >
                <div
                  class="date-icon"
                >
                  <span
                    class="icon-time"
                  />
                </div>
                <span
                  class="date-data"
                >
                  12:00 AM
                </span>
              </div>
            </div>
          </td>
          <td
            class="table-col"
          >
            <div
              class="btn-group"
            >
              <button
                class="btn btn-xs-primary mr-15"
                type="button"
              >
                <span
                  class="btn-icon icon-architecture-blue"
                />
                <span
                  class="btn-text"
                />
              </button>
              <button
                class="btn btn-xs-danger"
                type="button"
              >
                <span
                  class="btn-icon icon-delete"
                />
                <span
                  class="btn-text"
                />
              </button>
            </div>
          </td>
        </tr>
        <tr
          class="table-row notification-risk "
        >
          <td
            class="table-col "
          >
            <div
              class="notification-icon"
            />
          </td>
          <td
            class="table-col"
          >
            The implementation period of Organization\`s employees security practices control for Threat 1234 has expired at | Brand Model Platform Element Name
          </td>
          <td
            class="table-col"
          >
            <div
              class="date"
            >
              <div
                class="date-item"
              >
                <div
                  class="date-icon"
                >
                  <span
                    class="icon-calendar"
                  />
                </div>
                <span
                  class="date-data"
                >
                  01/01/2021
                </span>
              </div>
              <div
                class="date-item"
              >
                <div
                  class="date-icon"
                >
                  <span
                    class="icon-time"
                  />
                </div>
                <span
                  class="date-data"
                >
                  12:00 AM
                </span>
              </div>
            </div>
          </td>
          <td
            class="table-col"
          >
            <div
              class="btn-group"
            >
              <button
                class="btn btn-xs-primary mr-15"
                type="button"
              >
                <span
                  class="btn-icon icon-architecture-blue"
                />
                <span
                  class="btn-text"
                />
              </button>
              <button
                class="btn btn-xs-danger disabled"
                type="button"
              >
                <span
                  class="btn-icon icon-delete"
                />
                <span
                  class="btn-text"
                />
              </button>
            </div>
          </td>
        </tr>
        <tr
          class="table-row notification-risk "
        >
          <td
            class="table-col "
          >
            <div
              class="notification-icon"
            />
          </td>
          <td
            class="table-col"
          >
            The implementation period of Organization\`s employees security practices control for Threat 1234 has expired at | Brand Model Platform Element Name
          </td>
          <td
            class="table-col"
          >
            <div
              class="date"
            >
              <div
                class="date-item"
              >
                <div
                  class="date-icon"
                >
                  <span
                    class="icon-calendar"
                  />
                </div>
                <span
                  class="date-data"
                >
                  01/01/2021
                </span>
              </div>
              <div
                class="date-item"
              >
                <div
                  class="date-icon"
                >
                  <span
                    class="icon-time"
                  />
                </div>
                <span
                  class="date-data"
                >
                  12:00 AM
                </span>
              </div>
            </div>
          </td>
          <td
            class="table-col"
          >
            <div
              class="btn-group"
            >
              <button
                class="btn btn-xs-primary mr-15"
                type="button"
              >
                <span
                  class="btn-icon icon-architecture-blue"
                />
                <span
                  class="btn-text"
                />
              </button>
              <button
                class="btn btn-xs-danger"
                type="button"
              >
                <span
                  class="btn-icon icon-delete"
                />
                <span
                  class="btn-text"
                />
              </button>
            </div>
          </td>
        </tr>
      </tbody>
    </table>
  </div>
</DocumentFragment>
`;
