// Jest Snapshot v1, https://goo.gl/fbAQLP

exports[`PageFilter tests Should match snapshot 1`] = `
<DocumentFragment>
  <div
    class="page-filter show"
  >
    <div
      class="page-filter-inner"
    >
      <div
        class="page-filter-item"
      >
        <div
          class="form-group"
        >
          <label
            class="form-label"
            for="exampleFormControlInput1"
          >
            Brand
          </label>
          <div
            class="select-component css-2b097c-container"
          >
            <span
              aria-atomic="false"
              aria-live="polite"
              aria-relevant="additions text"
              class="css-1f43avz-a11yText-A11yText"
            />
            <div
              class="react-select__control css-1pgkwyd-control"
            >
              <div
                class="react-select__value-container css-g1d714-ValueContainer"
              >
                <div
                  class="react-select__placeholder css-oco7ot-placeholder"
                >
                  Brand
                </div>
                <div
                  class="css-b8ldur-Input"
                >
                  <div
                    class="react-select__input"
                    style="display: inline-block;"
                  >
                    <input
                      aria-autocomplete="list"
                      autocapitalize="none"
                      autocomplete="off"
                      autocorrect="off"
                      id="react-select-7-input"
                      spellcheck="false"
                      style="box-sizing: content-box; width: 2px; border: 0px; opacity: 1; outline: 0; padding: 0px;"
                      tabindex="0"
                      type="text"
                      value=""
                    />
                    <div
                      style="position: absolute; top: 0px; left: 0px; visibility: hidden; height: 0px; overflow: scroll; white-space: pre; font-family: -webkit-small-control; letter-spacing: normal; text-transform: none;"
                    />
                  </div>
                </div>
              </div>
              <div
                class="react-select__indicators css-1hb7zxy-IndicatorsContainer"
              >
                <div
                  aria-hidden="true"
                  class="react-select__indicator react-select__dropdown-indicator css-tlfecz-indicatorContainer"
                >
                  <div
                    class="form-arrow icon-arrow-border-down"
                  />
                </div>
              </div>
            </div>
          </div>
        </div>
      </div>
      <div
        class="page-filter-item"
      >
        <div
          class="form-group"
        >
          <label
            class="form-label"
            for="exampleFormControlInput1"
          >
            Model
          </label>
          <div
            class="select-component css-2b097c-container"
          >
            <span
              aria-atomic="false"
              aria-live="polite"
              aria-relevant="additions text"
              class="css-1f43avz-a11yText-A11yText"
            />
            <div
              class="react-select__control css-1pgkwyd-control"
            >
              <div
                class="react-select__value-container css-g1d714-ValueContainer"
              >
                <div
                  class="react-select__placeholder css-oco7ot-placeholder"
                >
                  Model
                </div>
                <div
                  class="css-b8ldur-Input"
                >
                  <div
                    class="react-select__input"
                    style="display: inline-block;"
                  >
                    <input
                      aria-autocomplete="list"
                      autocapitalize="none"
                      autocomplete="off"
                      autocorrect="off"
                      id="react-select-8-input"
                      spellcheck="false"
                      style="box-sizing: content-box; width: 2px; border: 0px; opacity: 1; outline: 0; padding: 0px;"
                      tabindex="0"
                      type="text"
                      value=""
                    />
                    <div
                      style="position: absolute; top: 0px; left: 0px; visibility: hidden; height: 0px; overflow: scroll; white-space: pre; font-family: -webkit-small-control; letter-spacing: normal; text-transform: none;"
                    />
                  </div>
                </div>
              </div>
              <div
                class="react-select__indicators css-1hb7zxy-IndicatorsContainer"
              >
                <div
                  aria-hidden="true"
                  class="react-select__indicator react-select__dropdown-indicator css-tlfecz-indicatorContainer"
                >
                  <div
                    class="form-arrow icon-arrow-border-down"
                  />
                </div>
              </div>
            </div>
          </div>
        </div>
      </div>
      <div
        class="page-filter-item"
      >
        <div
          class="form-group"
        >
          <label
            class="form-label"
            for="exampleFormControlInput1"
          >
            Platform
          </label>
          <div
            class="select-component css-2b097c-container"
          >
            <span
              aria-atomic="false"
              aria-live="polite"
              aria-relevant="additions text"
              class="css-1f43avz-a11yText-A11yText"
            />
            <div
              class="react-select__control css-1pgkwyd-control"
            >
              <div
                class="react-select__value-container css-g1d714-ValueContainer"
              >
                <div
                  class="react-select__placeholder css-oco7ot-placeholder"
                >
                  Platform
                </div>
                <div
                  class="css-b8ldur-Input"
                >
                  <div
                    class="react-select__input"
                    style="display: inline-block;"
                  >
                    <input
                      aria-autocomplete="list"
                      autocapitalize="none"
                      autocomplete="off"
                      autocorrect="off"
                      id="react-select-9-input"
                      spellcheck="false"
                      style="box-sizing: content-box; width: 2px; border: 0px; opacity: 1; outline: 0; padding: 0px;"
                      tabindex="0"
                      type="text"
                      value=""
                    />
                    <div
                      style="position: absolute; top: 0px; left: 0px; visibility: hidden; height: 0px; overflow: scroll; white-space: pre; font-family: -webkit-small-control; letter-spacing: normal; text-transform: none;"
                    />
                  </div>
                </div>
              </div>
              <div
                class="react-select__indicators css-1hb7zxy-IndicatorsContainer"
              >
                <div
                  aria-hidden="true"
                  class="react-select__indicator react-select__dropdown-indicator css-tlfecz-indicatorContainer"
                >
                  <div
                    class="form-arrow icon-arrow-border-down"
                  />
                </div>
              </div>
            </div>
          </div>
        </div>
      </div>
      <div
        class="page-filter-item"
      >
        <div
          class="form-group"
        >
          <label
            class="form-label"
            for="exampleFormControlInput1"
          >
            Phase
          </label>
          <div
            class="select-component css-2b097c-container"
          >
            <span
              aria-atomic="false"
              aria-live="polite"
              aria-relevant="additions text"
              class="css-1f43avz-a11yText-A11yText"
            />
            <div
              class="react-select__control css-1pgkwyd-control"
            >
              <div
                class="react-select__value-container css-g1d714-ValueContainer"
              >
                <div
                  class="react-select__placeholder css-oco7ot-placeholder"
                >
                  Phase
                </div>
                <div
                  class="css-b8ldur-Input"
                >
                  <div
                    class="react-select__input"
                    style="display: inline-block;"
                  >
                    <input
                      aria-autocomplete="list"
                      autocapitalize="none"
                      autocomplete="off"
                      autocorrect="off"
                      id="react-select-10-input"
                      spellcheck="false"
                      style="box-sizing: content-box; width: 2px; border: 0px; opacity: 1; outline: 0; padding: 0px;"
                      tabindex="0"
                      type="text"
                      value=""
                    />
                    <div
                      style="position: absolute; top: 0px; left: 0px; visibility: hidden; height: 0px; overflow: scroll; white-space: pre; font-family: -webkit-small-control; letter-spacing: normal; text-transform: none;"
                    />
                  </div>
                </div>
              </div>
              <div
                class="react-select__indicators css-1hb7zxy-IndicatorsContainer"
              >
                <div
                  aria-hidden="true"
                  class="react-select__indicator react-select__dropdown-indicator css-tlfecz-indicatorContainer"
                >
                  <div
                    class="form-arrow icon-arrow-border-down"
                  />
                </div>
              </div>
            </div>
          </div>
        </div>
      </div>
      <div
        class="page-filter-item"
      >
        <div
          class="form-group"
        >
          <label
            class="form-label"
            for="exampleFormControlInput1"
          >
            Regulation
          </label>
          <div
            class="select-component css-2b097c-container"
          >
            <span
              aria-atomic="false"
              aria-live="polite"
              aria-relevant="additions text"
              class="css-1f43avz-a11yText-A11yText"
            />
            <div
              class="react-select__control css-1pgkwyd-control"
            >
              <div
                class="react-select__value-container css-g1d714-ValueContainer"
              >
                <div
                  class="react-select__placeholder css-oco7ot-placeholder"
                >
                  Regulation
                </div>
                <div
                  class="css-b8ldur-Input"
                >
                  <div
                    class="react-select__input"
                    style="display: inline-block;"
                  >
                    <input
                      aria-autocomplete="list"
                      autocapitalize="none"
                      autocomplete="off"
                      autocorrect="off"
                      id="react-select-11-input"
                      spellcheck="false"
                      style="box-sizing: content-box; width: 2px; border: 0px; opacity: 1; outline: 0; padding: 0px;"
                      tabindex="0"
                      type="text"
                      value=""
                    />
                    <div
                      style="position: absolute; top: 0px; left: 0px; visibility: hidden; height: 0px; overflow: scroll; white-space: pre; font-family: -webkit-small-control; letter-spacing: normal; text-transform: none;"
                    />
                  </div>
                </div>
              </div>
              <div
                class="react-select__indicators css-1hb7zxy-IndicatorsContainer"
              >
                <div
                  aria-hidden="true"
                  class="react-select__indicator react-select__dropdown-indicator css-tlfecz-indicatorContainer"
                >
                  <div
                    class="form-arrow icon-arrow-border-down"
                  />
                </div>
              </div>
            </div>
          </div>
        </div>
      </div>
    </div>
    <div
      class="page-filter-btn"
    >
      <button
        class="btn btn-xs-secondary mr-15"
        type="button"
      >
        <span
          class="btn-icon icon-close"
        />
        <span
          class="btn-text"
        />
      </button>
      <button
        class="btn btn-lg-outline"
        type="button"
      >
        <span
          class="btn-icon "
        />
        <span
          class="btn-text"
        >
          Apply
        </span>
      </button>
    </div>
  </div>
</DocumentFragment>
`;
