// Jest Snapshot v1, https://goo.gl/fbAQLP

exports[`PageMock tests Should match snapshot 1`] = `
<DocumentFragment>
  <div
    style="width: 100%; height: 100%; display: flex; justify-content: center; align-items: center; background-repeat: no-repeat; background-position-x: center; background-position-y: calc(50% - 100px); color: rgb(124, 135, 168); text-align: center;"
  >
    <h2
      style="padding-right: 20px;"
    >
      No Data
    </h2>
  </div>
</DocumentFragment>
`;
